Microchip MPLAB XC8 Compiler V1.44 ()

Linker command line:

-W-3 --edf=C:\Program Files (x86)\Microchip\xc8\v1.44\dat\en_msgs.txt -cs \
  -h+dist/default/production\Electronics_Is_Fun_.X.production.sym \
  --cmf=dist/default/production\Electronics_Is_Fun_.X.production.cmf -z \
  -Q16F84A -oC:\Users\Home\AppData\Local\Temp\s6m4.2 \
  -Mdist/default/production/Electronics_Is_Fun_.X.production.map -E1 \
  -ver=XC8 -ASTACK=024h-04dh -pstack=STACK -ACODE=00h-03FFh \
  -ASTRCODE=00h-03FFh -ASTRING=00h-0FFhx4 -ACONST=00h-0FFhx4 \
  -AENTRY=00h-0FFhx4 -ABANK0=0Ch-04Dh -ARAM=0Ch-04Dh -AABS1=0Ch-04Fh \
  -ACOMMON=04Eh-04Fh -ASFR0=00h-0Bh -ASFR1=080h-0CDh \
  -preset_vec=00h,intentry=04h,init,end_init -ppowerup=CODE -pcinit=CODE \
  -pfunctab=ENTRY -ACONFIG=02007h-02007h -pconfig=CONFIG -DCONFIG=2 \
  -AIDLOC=02000h-02003h -pidloc=IDLOC -DIDLOC=2 -AEEDATA=00h-03Fh/02100h \
  -peeprom_data=EEDATA -DEEDATA=2 -DCODE=2 -DSTRCODE=2 -DSTRING=2 -DCONST=2 \
  -DENTRY=2 -k C:\Users\Home\AppData\Local\Temp\s6m4.obj \
  dist/default/production\Electronics_Is_Fun_.X.production.obj 

Object code version is 3.11

Machine type is 16F84A



                Name                               Link     Load   Length Selector   Space Scale
C:\Users\Home\AppData\Local\Temp\s6m4.obj
                end_init                              F        F        1        8       0
                reset_vec                             0        0        1        0       0
                config                             2007     2007        1     400E       0
dist/default/production\Electronics_Is_Fun_.X.production.obj
                cinit                                10       10        7        8       0
                intentry                              4        4        B        8       0
                swtext1                             190      190        B      320       0
                text7                               103      103       33        8       0
                text6                               16A      16A       15        8       0
                text5                                17       17       93        8       0
                text4                               152      152       18        8       0
                text3                               136      136       1C        8       0
                text2                               1A3      1A3        6      336       0
                text1                                AA       AA       59        8       0
                maintext                            17F      17F       11        8       0
                cstackBANK0                          18       18        C        C       1
                clrtext                             19B      19B        8      336       0
                bssBANK0                              C        C        C        C       1

TOTAL           Name                               Link     Load   Length     Space
        CLASS   STACK          

        CLASS   CODE           
                end_init                              F        F        1         0
                cinit                                10       10        7         0
                intentry                              4        4        B         0
                reset_vec                             0        0        1         0
                text7                               103      103       33         0
                text6                               16A      16A       15         0
                text5                                17       17       93         0
                text4                               152      152       18         0
                text3                               136      136       1C         0
                text2                               1A3      1A3        6         0
                text1                                AA       AA       59         0
                maintext                            17F      17F       11         0
                clrtext                             19B      19B        8         0

        CLASS   STRCODE        

        CLASS   STRING         

        CLASS   CONST          
                swtext1                             190      190        B         0

        CLASS   ENTRY          

        CLASS   BANK0          
                cstackBANK0                          18       18        C         1
                bssBANK0                              C        C        C         1

        CLASS   RAM            

        CLASS   ABS1           
                abs_s1                               4E       4E        2         1

        CLASS   COMMON         

        CLASS   SFR0           

        CLASS   SFR1           

        CLASS   CONFIG         
                config                             2007     2007        1         0

        CLASS   IDLOC          

        CLASS   EEDATA         

        CLASS   BANK1          



SEGMENTS        Name                           Load    Length   Top    Selector   Space  Class     Delta

                reset_vec                      000000  000001  000001         0       0  CODE        2
                intentry                       000004  00018C  000190         8       0  CODE        2
                bssBANK0                       00000C  000018  000024         C       1  BANK0       1
                swtext1                        000190  00000B  00019B       320       0  CONST       2
                clrtext                        00019B  00000E  0001A9       336       0  CODE        2
                config                         002007  000001  002008      400E       0  CONFIG      2


UNUSED ADDRESS RANGES

        Name                Unused          Largest block    Delta
        BANK0            0024-004D             2A           1
        CODE             0001-0003              3           2
                         01A9-03FF            257
        CONST            0001-0003              3           2
                         01A9-03FF            100
        EEDATA           2100-213F             40           2
        ENTRY            0001-0003              3           2
                         01A9-03FF            100
        IDLOC            2000-2003              4           2
        RAM              0024-004D             2A           1
        SFR0             0000-000B              C           1
        SFR1             0080-00CD             4E           1
        STACK            0024-004D             2A           1
        STRCODE          0001-0003              3           2
                         01A9-03FF            257
        STRING           0001-0003              3           2
                         01A9-03FF            100

                                  Symbol Table

_INTCON                    (abs)        000B
_INTE                      (abs)        005C
_INTF                      (abs)        0059
_OPTION_REG                (abs)        0081
_PORTA                     (abs)        0005
_PORTB                     (abs)        0006
_RB0                       (abs)        0030
_T0IE                      (abs)        005D
_T0IF                      (abs)        005A
_TMR0                      (abs)        0001
_TRISA                     (abs)        0085
_TRISB                     (abs)        0086
__CFG_CP$ON                (abs)        0000
__CFG_FOSC$XT              (abs)        0000
__CFG_WDTE$OFF             (abs)        0000
__Habs1                    abs1         0000
__Hbank0                   bank0        0000
__Hbank1                   bank1        0000
__HbssBANK0                bssBANK0     0000
__Hcinit                   cinit        0017
__Hclrtext                 clrtext      0000
__Hcode                    code         0000
__Hcommon                  common       0000
__Hconfig                  config       2008
__HcstackBANK0             cstackBANK0  0000
__HcstackCOMMON            cstackCOMMON 0000
__Heeprom_data             eeprom_data  0000
__Hend_init                end_init     0010
__Hfunctab                 functab      0000
__Hidloc                   idloc        0000
__Hinit                    init         000F
__Hintentry                intentry     000F
__Hmaintext                maintext     0000
__Hpowerup                 powerup      0000
__Hram                     ram          0000
__Hreset_vec               reset_vec    0001
__Hsfr0                    sfr0         0000
__Hsfr1                    sfr1         0000
__Hspace_0                 (abs)        2008
__Hspace_1                 (abs)        0024
__Hspace_2                 (abs)        0000
__Hspace_3                 (abs)        0000
__Hstack                   stack        0000
__Hstrings                 strings      0000
__Htext                    text         0000
__Labs1                    abs1         0000
__Lbank0                   bank0        0000
__Lbank1                   bank1        0000
__LbssBANK0                bssBANK0     0000
__Lcinit                   cinit        0010
__Lclrtext                 clrtext      0000
__Lcode                    code         0000
__Lcommon                  common       0000
__Lconfig                  config       2007
__LcstackBANK0             cstackBANK0  0000
__LcstackCOMMON            cstackCOMMON 0000
__Leeprom_data             eeprom_data  0000
__Lend_init                end_init     000F
__Lfunctab                 functab      0000
__Lidloc                   idloc        0000
__Linit                    init         000F
__Lintentry                intentry     0004
__Lmaintext                maintext     0000
__Lpowerup                 powerup      0000
__Lram                     ram          0000
__Lreset_vec               reset_vec    0000
__Lsfr0                    sfr0         0000
__Lsfr1                    sfr1         0000
__Lspace_0                 (abs)        0000
__Lspace_1                 (abs)        0000
__Lspace_2                 (abs)        0000
__Lspace_3                 (abs)        0000
__Lstack                   stack        0000
__Lstrings                 strings      0000
__Ltext                    text         0000
__S0                       (abs)        2008
__S1                       (abs)        0024
__S2                       (abs)        0000
__S3                       (abs)        0000
___int_sp                  stack        0000
___latbits                 (abs)        0000
___sp                      stack        0000
__end_of__initialization   cinit        0015
__end_of_extInterrupt      text5        00AA
__end_of_init              text4        016A
__end_of_main              maintext     0190
__end_of_minMark           text3        0152
__end_of_outputTime        text6        017F
__end_of_resetTime         text2        01A9
__end_of_setDisplayOutput  text7        0136
__end_of_updateTime        text1        0103
__initialization           cinit        0010
__pbssBANK0                bssBANK0     000C
__pcstackBANK0             cstackBANK0  0018
__pcstackCOMMON            cstackCOMMON 0000
__pintentry                intentry     0004
__pmaintext                maintext     017F
__pswtext1                 swtext1      0190
__ptext1                   text1        00AA
__ptext2                   text2        01A3
__ptext3                   text3        0136
__ptext4                   text4        0152
__ptext5                   text5        0017
__ptext6                   text6        016A
__ptext7                   text7        0103
__size_of_extInterrupt     (abs)        0000
__size_of_init             (abs)        0000
__size_of_main             (abs)        0000
__size_of_minMark          (abs)        0000
__size_of_outputTime       (abs)        0000
__size_of_resetTime        (abs)        0000
__size_of_setDisplayOutput (abs)        0000
__size_of_updateTime       (abs)        0000
_bcdHour                   bssBANK0     0016
_bcdMin                    bssBANK0     0017
_extInterrupt              text5        0017
_hourTens                  bssBANK0     0015
_hourUnits                 bssBANK0     0014
_init                      text4        0152
_main                      maintext     017F
_minMark                   text3        0136
_minTens                   bssBANK0     0013
_minUnits                  bssBANK0     0012
_outputTime                text6        016A
_resetTime                 text2        01A3
_secNo                     bssBANK0     0010
_setDisplayOutput          text7        0103
_synced                    bssBANK0     000C
_timerCount                bssBANK0     000E
_updateTime                text1        00AA
btemp                      (abs)        004E
clear_ram0                 clrtext      019B
end_of_initialization      cinit        0015
interrupt_function         intentry     0004
intlevel0                  functab      0000
intlevel1                  functab      0000
intlevel2                  functab      0000
intlevel3                  functab      0000
intlevel4                  functab      0000
intlevel5                  functab      0000
reset_vec                  reset_vec    0000
saved_w                    (abs)        004E
setDisplayOutput@number    cstackBANK0  0018
stackhi                    (abs)        0000
stacklo                    (abs)        0000
start                      init         000F
start_initialization       cinit        0010
updateTime@bcdHour         cstackBANK0  0022
updateTime@bcdMin          cstackBANK0  0020
wtemp0                     (abs)        004E


FUNCTION INFORMATION:

 *************** function _main *****************
 Defined at:
		line 12 in file "Main.c"
 Parameters:    Size  Location     Type
		None
 Auto vars:     Size  Location     Type
		None
 Return value:  Size  Location     Type
                  2   30[None  ] int 
 Registers used:
		wreg, fsr0l, fsr0h, status,2, status,0, pclath, cstack
 Tracked objects:
		On entry : 
		On exit  : 
		Unchanged: 
 Data sizes:     COMMON   BANK0
      Params:         0       0
      Locals:         0       0
      Temps:          0       1
      Totals:         0       1
Total ram usage:        1 bytes
 Hardware stack levels required when called:    4
 This function calls:
		_init
		_minMark
		_resetTime
		_updateTime
 This function is called by:
		Startup code after reset
 This function uses a non-reentrant model


 *************** function _updateTime *****************
 Defined at:
		line 136 in file "Functions.c"
 Parameters:    Size  Location     Type
  bcdHour         1    wreg     char 
  bcdMin          1    8[BANK0 ] char 
 Auto vars:     Size  Location     Type
  bcdHour         1   10[BANK0 ] char 
 Return value:  Size  Location     Type
                  1    wreg      void 
 Registers used:
		wreg, fsr0l, fsr0h, status,2, status,0
 Tracked objects:
		On entry : 
		On exit  : 
		Unchanged: 
 Data sizes:     COMMON   BANK0
      Params:         0       1
      Locals:         0       1
      Temps:          0       1
      Totals:         0       3
Total ram usage:        3 bytes
 Hardware stack levels used:    1
 Hardware stack levels required when called:    3
 This function calls:
		Nothing
 This function is called by:
		_main
 This function uses a non-reentrant model


 *************** function _resetTime *****************
 Defined at:
		line 65 in file "Functions.c"
 Parameters:    Size  Location     Type
		None
 Auto vars:     Size  Location     Type
		None
 Return value:  Size  Location     Type
                  1    wreg      void 
 Registers used:
		status,2
 Tracked objects:
		On entry : 
		On exit  : 
		Unchanged: 
 Data sizes:     COMMON   BANK0
      Params:         0       0
      Locals:         0       0
      Temps:          0       0
      Totals:         0       0
Total ram usage:        0 bytes
 Hardware stack levels used:    1
 Hardware stack levels required when called:    3
 This function calls:
		Nothing
 This function is called by:
		_main
 This function uses a non-reentrant model


 *************** function _minMark *****************
 Defined at:
		line 73 in file "Functions.c"
 Parameters:    Size  Location     Type
		None
 Auto vars:     Size  Location     Type
		None
 Return value:  Size  Location     Type
                  1    wreg      void 
 Registers used:
		wreg, status,2, status,0
 Tracked objects:
		On entry : 
		On exit  : 
		Unchanged: 
 Data sizes:     COMMON   BANK0
      Params:         0       0
      Locals:         0       0
      Temps:          0       0
      Totals:         0       0
Total ram usage:        0 bytes
 Hardware stack levels used:    1
 Hardware stack levels required when called:    3
 This function calls:
		Nothing
 This function is called by:
		_main
 This function uses a non-reentrant model


 *************** function _init *****************
 Defined at:
		line 3 in file "Functions.c"
 Parameters:    Size  Location     Type
		None
 Auto vars:     Size  Location     Type
		None
 Return value:  Size  Location     Type
                  1    wreg      void 
 Registers used:
		wreg, status,2
 Tracked objects:
		On entry : 
		On exit  : 
		Unchanged: 
 Data sizes:     COMMON   BANK0
      Params:         0       0
      Locals:         0       0
      Temps:          0       0
      Totals:         0       0
Total ram usage:        0 bytes
 Hardware stack levels used:    1
 Hardware stack levels required when called:    3
 This function calls:
		Nothing
 This function is called by:
		_main
 This function uses a non-reentrant model


 *************** function _extInterrupt *****************
 Defined at:
		line 25 in file "Functions.c"
 Parameters:    Size  Location     Type
		None
 Auto vars:     Size  Location     Type
		None
 Return value:  Size  Location     Type
                  1    wreg      void 
 Registers used:
		wreg, fsr0l, fsr0h, status,2, status,0, btemp+1, pclath, cstack
 Tracked objects:
		On entry : 
		On exit  : 
		Unchanged: 
 Data sizes:     COMMON   BANK0
      Params:         0       0
      Locals:         0       0
      Temps:          0       7
      Totals:         0       7
Total ram usage:        7 bytes
 Hardware stack levels used:    1
 Hardware stack levels required when called:    2
 This function calls:
		_outputTime
 This function is called by:
		Interrupt level 1
 This function uses a non-reentrant model


 *************** function _outputTime *****************
 Defined at:
		line 192 in file "Functions.c"
 Parameters:    Size  Location     Type
		None
 Auto vars:     Size  Location     Type
		None
 Return value:  Size  Location     Type
                  1    wreg      void 
 Registers used:
		wreg, fsr0l, fsr0h, status,2, status,0, pclath, cstack
 Tracked objects:
		On entry : 
		On exit  : 
		Unchanged: 
 Data sizes:     COMMON   BANK0
      Params:         0       0
      Locals:         0       0
      Temps:          0       0
      Totals:         0       0
Total ram usage:        0 bytes
 Hardware stack levels used:    1
 Hardware stack levels required when called:    1
 This function calls:
		_setDisplayOutput
 This function is called by:
		_extInterrupt
 This function uses a non-reentrant model


 *************** function _setDisplayOutput *****************
 Defined at:
		line 92 in file "Functions.c"
 Parameters:    Size  Location     Type
  number          1    wreg     char 
 Auto vars:     Size  Location     Type
  number          1    0[BANK0 ] char 
 Return value:  Size  Location     Type
                  1    wreg      void 
 Registers used:
		wreg, fsr0l, fsr0h, status,2, status,0
 Tracked objects:
		On entry : 
		On exit  : 
		Unchanged: 
 Data sizes:     COMMON   BANK0
      Params:         0       0
      Locals:         0       1
      Temps:          0       0
      Totals:         0       1
Total ram usage:        1 bytes
 Hardware stack levels used:    1
 This function calls:
		Nothing
 This function is called by:
		_outputTime
 This function uses a non-reentrant model



MODULE INFORMATION

Module		Function		Class		Link	Load	Size
Functions.c
		_init          		CODE           	0152	0000	25
		_resetTime     		CODE           	01A3	0000	7
		_setDisplayOutput		CODE           	0103	0000	52
		_outputTime    		CODE           	016A	0000	22
		_minMark       		CODE           	0136	0000	29
		_extInterrupt  		CODE           	0017	0000	148
		_updateTime    		CODE           	00AA	0000	90

Functions.c estimated size: 373

Main.c
		_main          		CODE           	017F	0000	18

Main.c estimated size: 18

shared
		__initialization		CODE           	0010	0000	6

shared estimated size: 6

