Microchip MPLAB XC8 Compiler V1.44 ()

Linker command line:

-W-3 --edf=C:\Program Files (x86)\Microchip\xc8\v1.44\dat\en_msgs.txt -cs \
  -h+dist/default/production\Electronics_Is_Fun_.X.production.sym \
  --cmf=dist/default/production\Electronics_Is_Fun_.X.production.cmf -z \
  -Q16F84A -oC:\Users\Home\AppData\Local\Temp\s6uo.2 \
  -Mdist/default/production/Electronics_Is_Fun_.X.production.map -E1 \
  -ver=XC8 -ASTACK=025h-04dh -pstack=STACK -ACODE=00h-03FFh \
  -ASTRCODE=00h-03FFh -ASTRING=00h-0FFhx4 -ACONST=00h-0FFhx4 \
  -AENTRY=00h-0FFhx4 -ABANK0=0Ch-04Dh -ARAM=0Ch-04Dh -AABS1=0Ch-04Fh \
  -ACOMMON=04Eh-04Fh -ASFR0=00h-0Bh -ASFR1=080h-0CDh \
  -preset_vec=00h,intentry=04h,init,end_init -ppowerup=CODE -pcinit=CODE \
  -pfunctab=ENTRY -ACONFIG=02007h-02007h -pconfig=CONFIG -DCONFIG=2 \
  -AIDLOC=02000h-02003h -pidloc=IDLOC -DIDLOC=2 -AEEDATA=00h-03Fh/02100h \
  -peeprom_data=EEDATA -DEEDATA=2 -DCODE=2 -DSTRCODE=2 -DSTRING=2 -DCONST=2 \
  -DENTRY=2 -k C:\Users\Home\AppData\Local\Temp\s6uo.obj \
  dist/default/production\Electronics_Is_Fun_.X.production.obj 

Object code version is 3.11

Machine type is 16F84A



                Name                               Link     Load   Length Selector   Space Scale
C:\Users\Home\AppData\Local\Temp\s6uo.obj
                end_init                              F        F        1        8       0
                reset_vec                             0        0        1        0       0
                config                             2007     2007        1     400E       0
dist/default/production\Electronics_Is_Fun_.X.production.obj
                cinit                                10       10        7        8       0
                intentry                              4        4        B        8       0
                swtext3                             1E6      1E6        B      3CC       0
                text7                               159      159       33        8       0
                text6                               1C0      1C0       15        8       0
                text5                                C6       C6       93        8       0
                text4                               1A8      1A8       18        8       0
                text3                               18C      18C       1C        8       0
                text2                               212      212        6      414       0
                swtext2                             200      200        A      400       0
                swtext1                             1F1      1F1        A      3CC       0
                text1                                17       17       AF        8       0
                maintext                            1D5      1D5       11        8       0
                cstackBANK0                           C        C        D        C       1
                clrtext                             20A      20A        8      414       0
                bssBANK0                             19       19        C        C       1

TOTAL           Name                               Link     Load   Length     Space
        CLASS   STACK          

        CLASS   CODE           
                end_init                              F        F        1         0
                cinit                                10       10        7         0
                intentry                              4        4        B         0
                reset_vec                             0        0        1         0
                text7                               159      159       33         0
                text6                               1C0      1C0       15         0
                text5                                C6       C6       93         0
                text4                               1A8      1A8       18         0
                text3                               18C      18C       1C         0
                text2                               212      212        6         0
                text1                                17       17       AF         0
                maintext                            1D5      1D5       11         0
                clrtext                             20A      20A        8         0

        CLASS   STRCODE        

        CLASS   STRING         

        CLASS   CONST          
                swtext3                             1E6      1E6        B         0
                swtext2                             200      200        A         0
                swtext1                             1F1      1F1        A         0

        CLASS   ENTRY          

        CLASS   BANK0          
                cstackBANK0                           C        C        D         1
                bssBANK0                             19       19        C         1

        CLASS   RAM            

        CLASS   ABS1           
                abs_s1                               4E       4E        2         1

        CLASS   COMMON         

        CLASS   SFR0           

        CLASS   SFR1           

        CLASS   CONFIG         
                config                             2007     2007        1         0

        CLASS   IDLOC          

        CLASS   EEDATA         

        CLASS   BANK1          



SEGMENTS        Name                           Load    Length   Top    Selector   Space  Class     Delta

                reset_vec                      000000  000001  000001         0       0  CODE        2
                intentry                       000004  0001E2  0001E6         8       0  CODE        2
                cstackBANK0                    00000C  000019  000025         C       1  BANK0       1
                swtext3                        0001E6  000015  0001FB       3CC       0  CONST       2
                swtext2                        000200  00000A  00020A       400       0  CONST       2
                clrtext                        00020A  00000E  000218       414       0  CODE        2
                config                         002007  000001  002008      400E       0  CONFIG      2


UNUSED ADDRESS RANGES

        Name                Unused          Largest block    Delta
        BANK0            0025-004D             29           1
        CODE             0001-0003              3           2
                         01FB-01FF              5
                         0218-03FF            1E8
        CONST            0001-0003              3           2
                         01FB-01FF              5
                         0218-03FF             E8
        EEDATA           2100-213F             40           2
        ENTRY            0001-0003              3           2
                         01FB-01FF              5
                         0218-03FF             E8
        IDLOC            2000-2003              4           2
        RAM              0025-004D             29           1
        SFR0             0000-000B              C           1
        SFR1             0080-00CD             4E           1
        STACK            0025-004D             29           1
        STRCODE          0001-0003              3           2
                         01FB-01FF              5
                         0218-03FF            1E8
        STRING           0001-0003              3           2
                         01FB-01FF              5
                         0218-03FF             E8

                                  Symbol Table

_INTCON                    (abs)        000B
_INTE                      (abs)        005C
_INTF                      (abs)        0059
_OPTION_REG                (abs)        0081
_PORTA                     (abs)        0005
_PORTB                     (abs)        0006
_RB0                       (abs)        0030
_T0IE                      (abs)        005D
_T0IF                      (abs)        005A
_TMR0                      (abs)        0001
_TRISA                     (abs)        0085
_TRISB                     (abs)        0086
__CFG_CP$ON                (abs)        0000
__CFG_FOSC$XT              (abs)        0000
__CFG_WDTE$OFF             (abs)        0000
__Habs1                    abs1         0000
__Hbank0                   bank0        0000
__Hbank1                   bank1        0000
__HbssBANK0                bssBANK0     0000
__Hcinit                   cinit        0017
__Hclrtext                 clrtext      0000
__Hcode                    code         0000
__Hcommon                  common       0000
__Hconfig                  config       2008
__HcstackBANK0             cstackBANK0  0000
__HcstackCOMMON            cstackCOMMON 0000
__Heeprom_data             eeprom_data  0000
__Hend_init                end_init     0010
__Hfunctab                 functab      0000
__Hidloc                   idloc        0000
__Hinit                    init         000F
__Hintentry                intentry     000F
__Hmaintext                maintext     0000
__Hpowerup                 powerup      0000
__Hram                     ram          0000
__Hreset_vec               reset_vec    0001
__Hsfr0                    sfr0         0000
__Hsfr1                    sfr1         0000
__Hspace_0                 (abs)        2008
__Hspace_1                 (abs)        0025
__Hspace_2                 (abs)        0000
__Hspace_3                 (abs)        0000
__Hstack                   stack        0000
__Hstrings                 strings      0000
__Htext                    text         0000
__Labs1                    abs1         0000
__Lbank0                   bank0        0000
__Lbank1                   bank1        0000
__LbssBANK0                bssBANK0     0000
__Lcinit                   cinit        0010
__Lclrtext                 clrtext      0000
__Lcode                    code         0000
__Lcommon                  common       0000
__Lconfig                  config       2007
__LcstackBANK0             cstackBANK0  0000
__LcstackCOMMON            cstackCOMMON 0000
__Leeprom_data             eeprom_data  0000
__Lend_init                end_init     000F
__Lfunctab                 functab      0000
__Lidloc                   idloc        0000
__Linit                    init         000F
__Lintentry                intentry     0004
__Lmaintext                maintext     0000
__Lpowerup                 powerup      0000
__Lram                     ram          0000
__Lreset_vec               reset_vec    0000
__Lsfr0                    sfr0         0000
__Lsfr1                    sfr1         0000
__Lspace_0                 (abs)        0000
__Lspace_1                 (abs)        0000
__Lspace_2                 (abs)        0000
__Lspace_3                 (abs)        0000
__Lstack                   stack        0000
__Lstrings                 strings      0000
__Ltext                    text         0000
__S0                       (abs)        2008
__S1                       (abs)        0025
__S2                       (abs)        0000
__S3                       (abs)        0000
___int_sp                  stack        0000
___latbits                 (abs)        0000
___sp                      stack        0000
__end_of__initialization   cinit        0015
__end_of_extInterrupt      text5        0159
__end_of_init              text4        01C0
__end_of_main              maintext     01E6
__end_of_minMark           text3        01A8
__end_of_outputTime        text6        01D5
__end_of_resetTime         text2        0218
__end_of_setDisplayOutput  text7        018C
__end_of_updateTime        text1        00C6
__initialization           cinit        0010
__pbssBANK0                bssBANK0     0019
__pcstackBANK0             cstackBANK0  000C
__pcstackCOMMON            cstackCOMMON 0000
__pintentry                intentry     0004
__pmaintext                maintext     01D5
__pswtext1                 swtext1      01F1
__pswtext2                 swtext2      0200
__pswtext3                 swtext3      01E6
__ptext1                   text1        0017
__ptext2                   text2        0212
__ptext3                   text3        018C
__ptext4                   text4        01A8
__ptext5                   text5        00C6
__ptext6                   text6        01C0
__ptext7                   text7        0159
__size_of_extInterrupt     (abs)        0000
__size_of_init             (abs)        0000
__size_of_main             (abs)        0000
__size_of_minMark          (abs)        0000
__size_of_outputTime       (abs)        0000
__size_of_resetTime        (abs)        0000
__size_of_setDisplayOutput (abs)        0000
__size_of_updateTime       (abs)        0000
_bcdHour                   bssBANK0     0023
_bcdMin                    bssBANK0     0024
_extInterrupt              text5        00C6
_hourTens                  bssBANK0     0022
_hourUnits                 bssBANK0     0021
_init                      text4        01A8
_main                      maintext     01D5
_minMark                   text3        018C
_minTens                   bssBANK0     0020
_minUnits                  bssBANK0     001F
_outputTime                text6        01C0
_resetTime                 text2        0212
_secNo                     bssBANK0     001D
_setDisplayOutput          text7        0159
_synced                    bssBANK0     0019
_timerCount                bssBANK0     001B
_updateTime                text1        0017
btemp                      (abs)        004E
clear_ram0                 clrtext      020A
end_of_initialization      cinit        0015
interrupt_function         intentry     0004
intlevel0                  functab      0000
intlevel1                  functab      0000
intlevel2                  functab      0000
intlevel3                  functab      0000
intlevel4                  functab      0000
intlevel5                  functab      0000
reset_vec                  reset_vec    0000
saved_w                    (abs)        004E
setDisplayOutput@number    cstackBANK0  000C
stackhi                    (abs)        0000
stacklo                    (abs)        0000
start                      init         000F
start_initialization       cinit        0010
updateTime@bcdHour         cstackBANK0  0017
updateTime@bcdMin          cstackBANK0  0014
updateTime@hourTensDis     cstackBANK0  0016
wtemp0                     (abs)        004E


FUNCTION INFORMATION:

 *************** function _main *****************
 Defined at:
		line 12 in file "Main.c"
 Parameters:    Size  Location     Type
		None
 Auto vars:     Size  Location     Type
		None
 Return value:  Size  Location     Type
                  2   30[None  ] int 
 Registers used:
		wreg, fsr0l, fsr0h, status,2, status,0, pclath, cstack
 Tracked objects:
		On entry : 
		On exit  : 
		Unchanged: 
 Data sizes:     COMMON   BANK0
      Params:         0       0
      Locals:         0       0
      Temps:          0       1
      Totals:         0       1
Total ram usage:        1 bytes
 Hardware stack levels required when called:    4
 This function calls:
		_init
		_minMark
		_resetTime
		_updateTime
 This function is called by:
		Startup code after reset
 This function uses a non-reentrant model


 *************** function _updateTime *****************
 Defined at:
		line 136 in file "Functions.c"
 Parameters:    Size  Location     Type
  bcdHour         1    wreg     char 
  bcdMin          1    8[BANK0 ] char 
 Auto vars:     Size  Location     Type
  bcdHour         1   11[BANK0 ] char 
  hourTensDis     1   10[BANK0 ] char 
 Return value:  Size  Location     Type
                  1    wreg      void 
 Registers used:
		wreg, fsr0l, fsr0h, status,2, status,0
 Tracked objects:
		On entry : 
		On exit  : 
		Unchanged: 
 Data sizes:     COMMON   BANK0
      Params:         0       1
      Locals:         0       2
      Temps:          0       1
      Totals:         0       4
Total ram usage:        4 bytes
 Hardware stack levels used:    1
 Hardware stack levels required when called:    3
 This function calls:
		Nothing
 This function is called by:
		_main
 This function uses a non-reentrant model


 *************** function _resetTime *****************
 Defined at:
		line 65 in file "Functions.c"
 Parameters:    Size  Location     Type
		None
 Auto vars:     Size  Location     Type
		None
 Return value:  Size  Location     Type
                  1    wreg      void 
 Registers used:
		status,2
 Tracked objects:
		On entry : 
		On exit  : 
		Unchanged: 
 Data sizes:     COMMON   BANK0
      Params:         0       0
      Locals:         0       0
      Temps:          0       0
      Totals:         0       0
Total ram usage:        0 bytes
 Hardware stack levels used:    1
 Hardware stack levels required when called:    3
 This function calls:
		Nothing
 This function is called by:
		_main
 This function uses a non-reentrant model


 *************** function _minMark *****************
 Defined at:
		line 73 in file "Functions.c"
 Parameters:    Size  Location     Type
		None
 Auto vars:     Size  Location     Type
		None
 Return value:  Size  Location     Type
                  1    wreg      void 
 Registers used:
		wreg, status,2, status,0
 Tracked objects:
		On entry : 
		On exit  : 
		Unchanged: 
 Data sizes:     COMMON   BANK0
      Params:         0       0
      Locals:         0       0
      Temps:          0       0
      Totals:         0       0
Total ram usage:        0 bytes
 Hardware stack levels used:    1
 Hardware stack levels required when called:    3
 This function calls:
		Nothing
 This function is called by:
		_main
 This function uses a non-reentrant model


 *************** function _init *****************
 Defined at:
		line 3 in file "Functions.c"
 Parameters:    Size  Location     Type
		None
 Auto vars:     Size  Location     Type
		None
 Return value:  Size  Location     Type
                  1    wreg      void 
 Registers used:
		wreg, status,2
 Tracked objects:
		On entry : 
		On exit  : 
		Unchanged: 
 Data sizes:     COMMON   BANK0
      Params:         0       0
      Locals:         0       0
      Temps:          0       0
      Totals:         0       0
Total ram usage:        0 bytes
 Hardware stack levels used:    1
 Hardware stack levels required when called:    3
 This function calls:
		Nothing
 This function is called by:
		_main
 This function uses a non-reentrant model


 *************** function _extInterrupt *****************
 Defined at:
		line 25 in file "Functions.c"
 Parameters:    Size  Location     Type
		None
 Auto vars:     Size  Location     Type
		None
 Return value:  Size  Location     Type
                  1    wreg      void 
 Registers used:
		wreg, fsr0l, fsr0h, status,2, status,0, btemp+1, pclath, cstack
 Tracked objects:
		On entry : 
		On exit  : 
		Unchanged: 
 Data sizes:     COMMON   BANK0
      Params:         0       0
      Locals:         0       0
      Temps:          0       7
      Totals:         0       7
Total ram usage:        7 bytes
 Hardware stack levels used:    1
 Hardware stack levels required when called:    2
 This function calls:
		_outputTime
 This function is called by:
		Interrupt level 1
 This function uses a non-reentrant model


 *************** function _outputTime *****************
 Defined at:
		line 247 in file "Functions.c"
 Parameters:    Size  Location     Type
		None
 Auto vars:     Size  Location     Type
		None
 Return value:  Size  Location     Type
                  1    wreg      void 
 Registers used:
		wreg, fsr0l, fsr0h, status,2, status,0, pclath, cstack
 Tracked objects:
		On entry : 
		On exit  : 
		Unchanged: 
 Data sizes:     COMMON   BANK0
      Params:         0       0
      Locals:         0       0
      Temps:          0       0
      Totals:         0       0
Total ram usage:        0 bytes
 Hardware stack levels used:    1
 Hardware stack levels required when called:    1
 This function calls:
		_setDisplayOutput
 This function is called by:
		_extInterrupt
 This function uses a non-reentrant model


 *************** function _setDisplayOutput *****************
 Defined at:
		line 92 in file "Functions.c"
 Parameters:    Size  Location     Type
  number          1    wreg     char 
 Auto vars:     Size  Location     Type
  number          1    0[BANK0 ] char 
 Return value:  Size  Location     Type
                  1    wreg      void 
 Registers used:
		wreg, fsr0l, fsr0h, status,2, status,0
 Tracked objects:
		On entry : 
		On exit  : 
		Unchanged: 
 Data sizes:     COMMON   BANK0
      Params:         0       0
      Locals:         0       1
      Temps:          0       0
      Totals:         0       1
Total ram usage:        1 bytes
 Hardware stack levels used:    1
 This function calls:
		Nothing
 This function is called by:
		_outputTime
 This function uses a non-reentrant model



MODULE INFORMATION

Module		Function		Class		Link	Load	Size
Functions.c
		_init          		CODE           	01A8	0000	25
		_resetTime     		CODE           	0212	0000	7
		_setDisplayOutput		CODE           	0159	0000	52
		_outputTime    		CODE           	01C0	0000	22
		_minMark       		CODE           	018C	0000	29
		_extInterrupt  		CODE           	00C6	0000	148
		_updateTime    		CODE           	0017	0000	176

Functions.c estimated size: 459

Main.c
		_main          		CODE           	01D5	0000	18

Main.c estimated size: 18

shared
		__initialization		CODE           	0010	0000	6

shared estimated size: 6

